
  ллллл ллллл  л   л л л 
  ллллл ллллл  л  л ллл л
  л   л л   л ллл  л л л 
  ллллл ллллл  л  л ллл л
  л  л   л  л  лл ллллллл
  л л л л л л лл     л л 
  л лл  ллл л лл лллллллл
  л л л л л л  л  л  л  л
  л ллл ллл л  л  лл л л 
  л   л л   л  л л л  л л
  л лл  л ллл  л    лл лл

      л  лллл   л  л      лл 
       л л  л л л   л     л л
         лллл л л ллллл ллллл
      л  л  л л л         л  
       л лллл л л  ллл    л  
         л  л л л      лллл  
        лл  л л л  ллл  л л  
       л лллл л л       л л  
       л        л  ллл  ллл л
      л  л л    л  л л лл  лл
      л л   л ллл  ллл      л