
   ллллллллл   ллллл л   
       л       л     л   
  ллллллллллл  лллл  лллл
       л       л  л л   л
    ллллллл    ллллл л  л
    л  л  л    л     л л 
    ллллллл    лллл  л л 
    л  л  л   лл  л   л  
   ллллллллл   л  л   л  
       л       лллл  л л 
  ллллллллллл  л  л л   л

        л  лллл   л  л      лл 
         л л  л л л   л     л л
           лллл л л ллллл ллллл
        л  л  л л л         л  
         л лллл л л  ллл    л  
           л  л л л      лллл  
          лл  л л л  ллл  л л  
         л лллл л л       л л  
         л        л  ллл  ллл л
        л  л л    л  л л лл  лл
        л л   л ллл  ллл      л