
       л        л   л     л  лллл   л
       л        л   ллллл  л л  л л л
   ллллллллл   л    л        лллл л л
       л       л  лллллл  л  л  л л л
       л      лл  л    л   л лллл л л
  ллллллллллл  л  лллллл     л  л л л
      ллл      л  л    л    лл  л л л
     л л л     л  лллллл   л лллл л л
    л  л  л    л  л    л   л        л
  лл   л   лл  л  лллллл  л  л л    л
       л       л лл    лл л л   л ллл

  лллллл    л  ллллллллл    ллллллл  
     л   л  л      л        л     л  
    л    л  л ллллллллллл   ллллллл  
   л   л л  л л  л л л  л   л     л  
  лллллл л  л  ллллллллл  ллллллллллл
     л   л  л  л   л   л    л  л  л  
   ллллл л  л  ллллллллл    ллллллл  
     л   л  л  л   л   л    л  л  л  
     лллл   л  ллллллллл   ллллллллл 
  лллл      л      л    л      л     
          ллл      лллллл ллллллллллл