
   ллллллллл  л  лллллллл   л    л         л     
       л       л л   л      л   л л   ллллллллллл
  ллллллллллл    л ллллл  лллл ллллл     л л л   
  л  л л л  л л  л л   л    л л     л  лл  л  ллл
   ллллллллл   л л ллллл   лл лллллл  л ллллллл л
   л   л   л     л л   л   лллл лл л    л     л  
   ллллллллл     л ллллл  л л лллллл    ллллллл  
   л   л   л   л л   л    л л  л  л     л     л  
   ллллллллл   л л л л л    л  лл л     ллллллл  
       л    л л  лл  л  л   л  л л лл            
       лллллл л л   лл      л л л   л ллллллллллл

   ллллллллл   л    л       л    л         л     
       л        л л л       л   л л   ллллллллллл
  ллллллллллл     л лллл  лллл ллллл     л л л   
  л  л л л  л л   ллл  л    л л     л  лл  л  ллл
   ллллллллл   л лл л  л   лл лллллл  л ллллллл л
   л   л   л      л л  л   лллл лл л    л     л  
   ллллллллл      л л л   л л лллллл    ллллллл  
   л   л   л   л  л л л   л л  л  л     л     л  
   ллллллллл   л  л л   л   л  лл л     ллллллл  
       л    л л   л     л   л  л л лл            
       лллллл л   ллллллл   л л л   л ллллллллллл