
       л        л   л     л  лллл   л
       л        л   ллллл  л л  л л л
   ллллллллл   л    л        лллл л л
       л       л  лллллл  л  л  л л л
       л      лл  л    л   л лллл л л
  ллллллллллл  л  лллллл     л  л л л
      ллл      л  л    л    лл  л л л
     л л л     л  лллллл   л лллл л л
    л  л  л    л  л    л   л        л
  лл   л   лл  л  лллллл  л  л л    л
       л       л лл    лл л л   л ллл

  лллллл    л  ллллллллл  л  лллллллл
     л   л  л      л       л л   л   
    л    л  л ллллллллллл    л ллллл 
   л   л л  л л  л л л  л л  л л   л 
  лллллл л  л  ллллллллл   л л ллллл 
     л   л  л  л   л   л     л л   л 
   ллллл л  л  ллллллллл     л ллллл 
     л   л  л  л   л   л   л л   л   
     лллл   л  ллллллллл   л л л л л 
  лллл      л      л    л л  лл  л  л
          ллл      лллллл л л   лл   