
                 л                 л л       л л
  ллллллллл      л       л ллллл   л  л      л  
  л       л      лллллл   лл   л л л     ллллллл
  ллллллллл      л         л л л л л         л  
  л       л      л         л л л л л лл      л  
  ллллллллл  ллллллллллл л л л л л л  л  ллл л  
    л   л        л        лл л л л л  л   л  л  
 л  л   л  л     ллл       л л л л л  л   л  л  
  л л   л л      л  лл     л л л л л  л   л  л  
   лл   лл       л    л   л  л     л  л   лл л л
    л   л        л       л  л л    л  лл лл   лл
 ллллллллллл     л         л   л  лл  л        л


 ллллл                               лл    
  л  л                                л    
  л л                                 л    
  ллл  лл лл лл лл лллл    лл  лл лл  л ллл
  л л   л  л  лл   л л л  л  л  лл    л л  
  л     л  л  л    л л л   ллл  л     ллл  
  л     л  л  л    л л л  л  л  л     л  л 
 ллл     ллллллл   л л л   ллллллл   ллл лл
