
       лллллл   л   ллл    л   ллллл   л   л   л 
  лллл   л     лллл л л    л       л   л  ллл ллл
   л   лллллл  л  лл  ллл ллл ллллллл ллл  л   л 
   л   л л  л ллллл лллл   л       л   л         
   ллл лллллл  лл л л  л   л лллллллл  л  ллллллл
  лл л л л  л  л  л  лл    ллл  л   л  лл л  л  л
   л л лллллл л  лллл  лл лл  лллллл  лл  ллллллл
   л л л л                 л  л л  л   л  л  л  л
   л л  л      ллллллллл   л  л л  л   л  л  л  л
   ллл л л     л  л л  л   л  л л лл   л  ллллллл
     лл   ллл ллллллллллл лл    л     лл  л     л

             л  лллл   л  л      лл 
              л л  л л л   л     л л
                лллл л л ллллл ллллл
             л  л  л л л         л  
              л лллл л л  ллл    л  
                л  л л л      лллл  
               лл  л л л  ллл  л л  
              л лллл л л       л л  
              л        л  ллл  ллл л
             л  л л    л  л л лл  лл
             л л   л ллл  ллл      л